A heading

A paragraph long enough to wrap at sixty columns, with
strong and emphasis, code, a link
(https://example.com/page), a forge link
(https://forge.test/krz/gitbay/issues/1), an autolink
https://example.com, and struck text.

• one
• two, which is long enough that its continuation line has
  to hang under the text rather than the bullet
  • nested

1. first
2. second

• [x] done
• [ ] open

│ quoted text

    func main() { fmt.Println("a line longer than sixty columns stays on one line, unwrapped") }

[image: alt text]

───

    | a | b |
    |---|---|
    | 1 | 2 |
